[0;32mI (925) example_connect: Start example_connect.[0m
I (935) wifi:wifi drivï¿½static rx buffer num: 10
I (975) wï¿½ets Jul 29 2019 12:21:46

rst:0x1 (POWERON_RESET),boot:0x13 (SPI_FAST_FLASH_BOOT)
configsip: 0, SPIWP:0xee
clk_drv:0x00,q_drv:0x00,d_drv:0x00,cs0_drv:0x00,hd_drv:0x00,wp_drv:0x00
mode:DIO, clock div:2
load:0x3fff0030,len:7084
ho 0 tail 12 room 4
load:0x40078000,len:15584
load:0x40080400,len:4
load:0x40080404,len:3876
entry 0x4008064c
[0;32mI (31) boot: ESP-IDF -128-NOTFOUND 2nd stage bootloader[0m
[0;32mI (31) boot: compile time Aug 27 2023 01:54:34[0m
[0;32mI (31) boot: Multicore bootloader[0m
[0;32mI (36) boot: chip revision: v3.0[0m
[0;32mI (40) boot.esp32: SPI Speed      : 40MHz[0m
[0;32mI (44) boot.esp32: SPI Mode       : DIO[0m
[0;32mI (49) boot.esp32: SPI Flash Size : 4MB[0m
[0;32mI (54) boot: Enabling RNG early entropy source...[0m
[0;32mI (59) boot: Partition Table:[0m
[0;32mI (63) boot: ## Label            Usage          Type ST Offset   Length[0m
[0;32mI (70) boot:  0 nvs              WiFi data        01 02 00009000 00004000[0m
[0;32mI (77) boot:  1 otadata          OTA data         01 00 0000d000 00002000[0m
[0;32mI (85) boot:  2 phy_init         RF data          01 01 0000f000 00001000[0m
[0;32mI (92) boot:  3 factory          factory app      00 00 00010000 00100000[0m
[0;32mI (100) boot:  4 ota_0            OTA app          00 10 00110000 00100000[0m
[0;32mI (107) boot:  5 ota_1            OTA app          00 11 00210000 00100000[0m
[0;32mI (115) boot: End of partition table[0m
[0;32mI (119) boot: Defaulting to factory image[0m
[0;32mI (124) esp_image: segment 0: paddr=00010020 vaddr=3f400020 size=27b24h (162596) map[0m
[0;32mI (191) esp_image: segment 1: paddr=00037b4c vaddr=3ffb0000 size=03790h ( 14224) load[0m
[0;32mI (197) esp_image: segment 2: paddr=0003b2e4 vaddr=40080000 size=04d34h ( 19764) load[0m
[0;32mI (205) esp_image: segment 3: paddr=00040020 vaddr=400d0020 size=9c054h (639060) map[0m
[0;32mI (436) esp_image: segment 4: paddr=000dc07c vaddr=40084d34 size=10b48h ( 68424) load[0m
[0;32mI (476) boot: Loaded app from partition at offset 0x10000[0m
[0;32mI (476) boot: Disabling RNG early entropy source...[0m
[0;32mI (487) cpu_start: Multicore app[0m
[0;32mI (488) cpu_start: Pro cpu up.[0m
[0;32mI (488) cpu_start: Starting app cpu, entry point is 0x40081380[0m
[0;32mI (0) cpu_start: App cpu up.[0m
[0;32mI (506) cpu_start: Pro cpu start user code[0m
[0;32mI (506) cpu_start: cpu freq: 160000000 Hz[0m
[0;32mI (506) cpu_start: Application information:[0m
[0;32mI (510) cpu_start: Project name:     SecondESP[0m
[0;32mI (516) cpu_start: App version:      065a61e-dirty[0m
[0;32mI (521) cpu_start: Compile time:     Aug 27 2023 14:36:12[0m
[0;32mI (527) cpu_start: ELF file SHA256:  25e3c05573a361b4...[0m
[0;32mI (533) cpu_start: ESP-IDF:          -128-NOTFOUND[0m
[0;32mI (539) cpu_start: Min chip rev:     v0.0[0m
[0;32mI (543) cpu_start: Max chip rev:     v3.99 [0m
[0;32mI (548) cpu_start: Chip rev:         v3.0[0m
[0;32mI (553) heap_init: Initializing. RAM available for dynamic allocation:[0m
[0;32mI (560) heap_init: At 3FFAE6E0 len 00001920 (6 KiB): DRAM[0m
[0;32mI (566) heap_init: At 3FFB7E58 len 000281A8 (160 KiB): DRAM[0m
[0;32mI (572) heap_init: At 3FFE0440 len 00003AE0 (14 KiB): D/IRAM[0m
[0;32mI (579) heap_init: At 3FFE4350 len 0001BCB0 (111 KiB): D/IRAM[0m
[0;32mI (585) heap_init: At 4009587C len 0000A784 (41 KiB): IRAM[0m
[0;32mI (593) spi_flash: detected chip: generic[0m
[0;32mI (596) spi_flash: flash io: dio[0m
[0;32mI (601) app_start: Starting scheduler on CPU0[0m
[0;32mI (605) app_start: Starting scheduler on CPU1[0m
[0;32mI (605) main_task: Started on CPU0[0m
[0;32mI (615) main_task: Calling app_main()[0m
This version is with the Humidity and Temperature Sensor :) 
Current firmware version is: 065a61e-dirty
[0;32mI (625) gpio: GPIO[0]| InputEn: 1| OutputEn: 0| OpenDrain: 0| Pullup: 1| Pulldown: 0| Intr:2 [0m
Humidity and Temperature : 63 26
Humidity and Temperature : 63 26
Humidity and Temperature : 63 26
Humidity and Temperature : 63 26
Humidity and Temperature : 63 26
Humidity and Temperature : 63 26
Humidity and Temperature : 63 26
Humidity and Temperature : 63 26
[0;31mE (16845) dht: Initialization error, problem in phase 'B'[0m
Humidity and Temperature : 63 26
Humidity and Temperature : 63 26
[0;32mI (22595) OTA: Invoking OTA[0m
[0;32mI (22595) example_connect: Start example_connect.[0m
I (22605) wifi:wifi driver task: 3ffc1dac, prio:23, stack:6656, core=0
I (22615) wifi:wifi firmware version: ce9244d
I (22615) wifi:wifi certification version: v7.0
I (22615) wifi:config NVS flash: enabled
I (22615) wifi:config nano formating: disabled
I (22625) wifi:Init data frame dynamic rx buffer num: 32
I (22625) wifi:Init management frame dynamic rx buffer num: 32
I (22635) wifi:Init management short buffer num: 32
I (22635) wifi:Init dynamic tx buffer num: 32
I (22645) wifi:Init static rx buffer size: 1600
I (22645) wifi:Init static rx buffer num: 10
I (22645) wifi:Init dynamic rx buffer num: 32
[0;32mI (22655) wifi_init: rx ba win: 6[0m
[0;32mI (22655) wifi_init: tcpip mbox: 32[0m
[0;32mI (22665) wifi_init: udp mbox: 6[0m
[0;32mI (22665) wifi_init: tcp mbox: 6[0m
[0;32mI (22665) wifi_init: tcp tx win: 5744[0m
[0;32mI (22675) wifi_init: tcp rx win: 5744[0m
[0;32mI (22675) wifi_init: tcp mss: 1440[0m
[0;32mI (22685) wifi_init: WiFi IRAM OP enabled[0m
[0;32mI (22685) wifi_init: WiFi RX IRAM OP enabled[0m
[0;32mI (22695) phy_init: phy_version 4670,719f9f6,Feb 18 2021,17:07:07[0m
I (22805) wifi:mode : sta (f4:96:34:9d:e2:11)
I (22805) wifi:enable tsf
[0;32mI (22815) example_connect: Connecting to acts...[0m
[0;32mI (22815) example_connect: Waiting for IP(s)[0m
Humidity and Temperature : 63 26
Humidity and Temperature : 63 26
I (25225) wifi:new:<5,2>, old:<1,0>, ap:<255,255>, sta:<5,2>, prof:1
I (25225) wifi:state: init -> auth (b0)
I (25235) wifi:state: auth -> assoc (0)
E (25245) wifi:Set status to INIT
I (25245) wifi:state: assoc -> init (1110)
I (25245) wifi:new:<5,0>, old:<5,2>, ap:<255,255>, sta:<5,2>, prof:1
I (25255) wifi:new:<5,1>, old:<5,0>, ap:<255,255>, sta:<5,1>, prof:1
I (25255) wifi:state: init -> auth (b0)
I (25275) wifi:state: auth -> assoc (0)
I (25275) wifi:state: assoc -> run (10)
I (25275) wifi:connected with acts, aid = 1, channel 5, 40U, bssid = 00:11:74:88:68:c0
I (25275) wifi:security: Open Auth, phy: bgn, rssi: -68
I (25285) wifi:pm start, type: 1

I (25315) wifi:<ba-add>idx:0 (ifx:0, 00:11:74:88:68:c0), tid:6, ssn:0, winSize:64
I (25315) wifi:<ba-add>idx:1 (ifx:0, 00:11:74:88:68:c0), tid:0, ssn:0, winSize:64
I (25315) wifi:AP's beacon interval = 102400 us, DTIM period = 1
[0;32mI (26655) example_connect: Got IPv6 event: Interface "example_netif_sta" address: fe80:0000:0000:0000:f696:34ff:fe9d:e211, type: ESP_IP6_ADDR_IS_LINK_LOCAL[0m
Humidity and Temperature : 63 26
[0;32mI (28285) esp_netif_handlers: example_netif_sta ip: 192.168.43.144, mask: 255.255.248.0, gw: 192.168.47.254[0m
[0;32mI (28285) example_connect: Got IPv4 event: Interface "example_netif_sta" address: 192.168.43.144[0m
[0;32mI (28295) example_common: Connected to example_netif_sta[0m
[0;32mI (28295) example_common: - IPv4 address: 192.168.43.144,[0m
[0;32mI (28305) example_common: - IPv6 address: fe80:0000:0000:0000:f696:34ff:fe9d:e211, type: ESP_IP6_ADDR_IS_LINK_LOCAL[0m
I (28325) wifi:<ba-del>idx:1, tid:0
I (28335) wifi:<ba-add>idx:1 (ifx:0, 00:11:74:88:68:c0), tid:0, ssn:2, winSize:64
Humidity and Temperature : 63 26
Humidity and Temperature : 63 26
[0;32mI (33125) esp_https_ota: Starting OTA...[0m
[0;32mI (33125) esp_https_ota: Writing to partition subtype 16 at offset 0x110000[0m
[0;32mI (33125) OTA: Beginning OTA Process ![0m
Humidity and Temperature : 63 26
[0;32mI (33205) OTA: Sucess in Reading OTA Image/Descriptor so Far[0m
[0;32mI (33205) OTA: Current version of Firmware is 065a61e-dirty
[0m
[0;32mI (33205) OTA: New version of Firmware is 065a61e-dirty
[0m
[0;33mW (33215) OTA: NEW VERSION IS THE SAME AS CURRENT VERSION. ABORTING[0m
[0;31mE (33215) OTA: validate_image_header failed[0m
I (33225) wifi:state: run -> init (0)
I (33235) wifi:pm stop, total sleep time: 4950372 us / 7944941 us

I (33235) wifi:<ba-del>idx:1, tid:0
I (33235) wifi:<ba-del>idx:0, tid:6
I (33235) wifi:new:<5,0>, old:<5,1>, ap:<255,255>, sta:<5,1>, prof:1
E (33245) wifi:NAN WiFi stop
I (33655) wifi:flush txq
I (33655) wifi:stop sw txq
I (33655) wifi:lmac stop hw txq
I (33655) wifi:Deinit lldesc rx mblock:10
Humidity and Temperature : 63 26
Humidity and Temperature : 63 26
Humidity and Temperature : 63 26
Humidity and Temperature : 63 26
Humidity and Temperature : 63 26
Humidity and Temperature : 63 26
Humidity and Temperature : 63 26
Humidity and Temperature : 63 26
Humidity and Temperature : 63 26
Humidity and Temperature : 63 26
Humidity and Temperature : 63 26
Humidity and Temperature : 63 26
Humidity and Temperature : 63 26
Humidity and Temperature : 63 26
Humidity and Temperature : 63 26
Humidity and Temperature : 63 26
Humidity and Temperature : 63 26
Humidity and Temperature : 63 26
Humidity and Temperature : 63 26
Humidity and Temperature : 63 26
Humidity and Temperature : 63 26
Humidity and Temperature : 63 26
Humidity and Temperature : 63 26
Humidity and Temperature : 63 26
Humidity and Temperature : 63 26
Humidity and Temperature : 63 26
Humidity and Temperature : 63 26
Humidity and Temperature : 63 26
Humidity and Temperature : 63 26
Humidity and Temperature : 63 26
