Start example_connect.[0m
I (744) wifi:wifi driver task: 3ffc1dac, prio:23, staï¿½Â¢Jï¿½ï¿½ï¿½ï¿½ï¿½Init dynamic rx buffer nuets Jul 29 2019 12:21:46

rst:0x1 (POWERON_RESET),boot:0x13 (SPI_FAST_FLASH_BOOT)
configsip: 0, SPIWP:0xee
clk_drv:0x00,q_drv:0x00,d_drv:0x00,cs0_drv:0x00,hd_drv:0x00,wp_drv:0x00
mode:DIO, clock div:2
load:0x3fff0030,len:7084
ho 0 tail 12 room 4
load:0x40078000,len:15584
load:0x40080400,len:4
load:0x40080404,len:3876
entry 0x4008064c
[0;32mI (31) boot: ESP-IDF -128-NOTFOUND 2nd stage bootloader[0m
[0;32mI (31) boot: compile time Aug 27 2023 01:54:34[0m
[0;32mI (31) boot: Multicore bootloader[0m
[0;32mI (36) boot: chip revision: v3.0[0m
[0;32mI (40) boot.esp32: SPI Speed      : 40MHz[0m
[0;32mI (44) boot.esp32: SPI Mode       : DIO[0m
[0;32mI (49) boot.esp32: SPI Flash Size : 4MB[0m
[0;32mI (54) boot: Enabling RNG early entropy source...[0m
[0;32mI (59) boot: Partition Table:[0m
[0;32mI (63) boot: ## Label            Usage          Type ST Offset   Length[0m
[0;32mI (70) boot:  0 nvs              WiFi data        01 02 00009000 00004000[0m
[0;32mI (77) boot:  1 otadata          OTA data         01 00 0000d000 00002000[0m
[0;32mI (85) boot:  2 phy_init         RF data          01 01 0000f000 00001000[0m
[0;32mI (92) boot:  3 factory          factory app      00 00 00010000 00100000[0m
[0;32mI (100) boot:  4 ota_0            OTA app          00 10 00110000 00100000[0m
[0;32mI (107) boot:  5 ota_1            OTA app          00 11 00210000 00100000[0m
[0;32mI (115) boot: End of partition table[0m
[0;32mI (119) boot: Defaulting to factory image[0m
[0;32mI (124) esp_image: segment 0: paddr=00010020 vaddr=3f400020 size=27aech (162540) map[0m
[0;32mI (191) esp_image: segment 1: paddr=00037b14 vaddr=3ffb0000 size=03790h ( 14224) load[0m
[0;32mI (197) esp_image: segment 2: paddr=0003b2ac vaddr=40080000 size=04d6ch ( 19820) load[0m
[0;32mI (205) esp_image: segment 3: paddr=00040020 vaddr=400d0020 size=9bff0h (638960) map[0m
[0;32mI (436) esp_image: segment 4: paddr=000dc018 vaddr=40084d6c size=10b10h ( 68368) load[0m
[0;32mI (476) boot: Loaded app from partition at offset 0x10000[0m
[0;32mI (476) boot: Disabling RNG early entropy source...[0m
[0;32mI (487) cpu_start: Multicore app[0m
[0;32mI (488) cpu_start: Pro cpu up.[0m
[0;32mI (488) cpu_start: Starting app cpu, entry point is 0x40081380[0m
[0;32mI (0) cpu_start: App cpu up.[0m
[0;32mI (506) cpu_start: Pro cpu start user code[0m
[0;32mI (506) cpu_start: cpu freq: 160000000 Hz[0m
[0;32mI (506) cpu_start: Application information:[0m
[0;32mI (510) cpu_start: Project name:     SecondESP[0m
[0;32mI (516) cpu_start: App version:      0e3a0e9[0m
[0;32mI (520) cpu_start: Compile time:     Aug 27 2023 02:17:03[0m
[0;32mI (527) cpu_start: ELF file SHA256:  bdae87881a6b3086...[0m
[0;32mI (533) cpu_start: ESP-IDF:          -128-NOTFOUND[0m
[0;32mI (538) cpu_start: Min chip rev:     v0.0[0m
[0;32mI (543) cpu_start: Max chip rev:     v3.99 [0m
[0;32mI (548) cpu_start: Chip rev:         v3.0[0m
[0;32mI (552) heap_init: Initializing. RAM available for dynamic allocation:[0m
[0;32mI (560) heap_init: At 3FFAE6E0 len 00001920 (6 KiB): DRAM[0m
[0;32mI (566) heap_init: At 3FFB7E58 len 000281A8 (160 KiB): DRAM[0m
[0;32mI (572) heap_init: At 3FFE0440 len 00003AE0 (14 KiB): D/IRAM[0m
[0;32mI (578) heap_init: At 3FFE4350 len 0001BCB0 (111 KiB): D/IRAM[0m
[0;32mI (585) heap_init: At 4009587C len 0000A784 (41 KiB): IRAM[0m
[0;32mI (592) spi_flash: detected chip: generic[0m
[0;32mI (595) spi_flash: flash io: dio[0m
[0;32mI (600) app_start: Starting scheduler on CPU0[0m
[0;32mI (604) app_start: Starting scheduler on CPU1[0m
[0;32mI (604) main_task: Started on CPU0[0m
[0;32mI (614) main_task: Calling app_main()[0m
This version is with the Humidity and Temperature Sensor :) 
Current firmware version is: 0e3a0e9
[0;32mI (624) gpio: GPIO[0]| InputEn: 1| OutputEn: 0| OpenDrain: 0| Pullup: 1| Pulldown: 0| Intr:2 [0m
Humidity and Temperature : 71 26
Humidity and Temperature : 72 26
Humidity and Temperature : 72 26
Humidity and Temperature : 72 26
Humidity and Temperature : 72 26
Humidity and Temperature : 72 26
Humidity and Temperature : 72 26
Humidity and Temperature : 72 26
[0;32mI (17954) OTA: Invoking OTA[0m
[0;32mI (17954) example_connect: Start example_connect.[0m
I (17964) wifi:wifi driver task: 3ffc1dac, prio:23, stack:6656, core=0
I (17974) wifi:wifi firmware version: ce9244d
I (17974) wifi:wifi certification version: v7.0
I (17974) wifi:config NVS flash: enabled
I (17974) wifi:config nano formating: disabled
I (17984) wifi:Init data frame dynamic rx buffer num: 32
I (17984) wifi:Init management frame dynamic rx buffer num: 32
I (17994) wifi:Init management short buffer num: 32
I (17994) wifi:Init dynamic tx buffer num: 32
I (18004) wifi:Init static rx buffer size: 1600
I (18004) wifi:Init static rx buffer num: 10
I (18014) wifi:Init dynamic rx buffer num: 32
[0;32mI (18014) wifi_init: rx ba win: 6[0m
[0;32mI (18014) wifi_init: tcpip mbox: 32[0m
[0;32mI (18024) wifi_init: udp mbox: 6[0m
[0;32mI (18024) wifi_init: tcp mbox: 6[0m
[0;32mI (18034) wifi_init: tcp tx win: 5744[0m
[0;32mI (18034) wifi_init: tcp rx win: 5744[0m
[0;32mI (18034) wifi_init: tcp mss: 1440[0m
[0;32mI (18044) wifi_init: WiFi IRAM OP enabled[0m
[0;32mI (18044) wifi_init: WiFi RX IRAM OP enabled[0m
[0;32mI (18054) phy_init: phy_version 4670,719f9f6,Feb 18 2021,17:07:07[0m
I (18164) wifi:mode : sta (40:91:51:fc:ea:d4)
I (18174) wifi:enable tsf
[0;32mI (18174) example_connect: Connecting to Atharva_1st Floor...[0m
[0;32mI (18174) example_connect: Waiting for IP(s)[0m
Humidity and Temperature : 72 26
I (20584) wifi:new:<6,0>, old:<1,0>, ap:<255,255>, sta:<6,0>, prof:1
I (21734) wifi:state: init -> auth (b0)
Humidity and Temperature : 72 26
I (21764) wifi:state: auth -> assoc (0)
I (21774) wifi:state: assoc -> run (10)
I (21804) wifi:connected with Atharva_1st Floor, aid = 12, channel 6, BW20, bssid = 00:17:7c:5d:26:72
I (21804) wifi:security: WPA2-PSK, phy: bgn, rssi: -71
I (21804) wifi:pm start, type: 1

I (21814) wifi:AP's beacon interval = 102400 us, DTIM period = 1
I (21834) wifi:<ba-add>idx:0 (ifx:0, 00:17:7c:5d:26:72), tid:0, ssn:0, winSize:64
[0;32mI (22814) esp_netif_handlers: example_netif_sta ip: 192.168.2.24, mask: 255.255.255.0, gw: 192.168.2.1[0m
[0;32mI (22814) example_connect: Got IPv4 event: Interface "example_netif_sta" address: 192.168.2.24[0m
[0;32mI (23654) example_connect: Got IPv6 event: Interface "example_netif_sta" address: fe80:0000:0000:0000:4291:51ff:fefc:ead4, type: ESP_IP6_ADDR_IS_LINK_LOCAL[0m
[0;32mI (23654) example_common: Connected to example_netif_sta[0m
[0;32mI (23664) example_common: - IPv4 address: 192.168.2.24,[0m
[0;32mI (23664) example_common: - IPv6 address: fe80:0000:0000:0000:4291:51ff:fefc:ead4, type: ESP_IP6_ADDR_IS_LINK_LOCAL[0m
I (23704) wifi:<ba-add>idx:1 (ifx:0, 00:17:7c:5d:26:72), tid:7, ssn:2, winSize:64
Humidity and Temperature : 72 26
Humidity and Temperature : 72 26
Humidity and Temperature : 72 26
[0;32mI (29704) esp_https_ota: Starting OTA...[0m
[0;32mI (29704) esp_https_ota: Writing to partition subtype 16 at offset 0x110000[0m
[0;32mI (29704) OTA: Beginning OTA Process ![0m
Humidity and Temperature : 72 26
[0;32mI (30304) OTA: Sucess in Reading OTA Image/Descriptor so Far[0m
[0;32mI (30304) OTA: Current version of Firmware is 0e3a0e9
[0m
[0;32mI (30304) OTA: New version of Firmware is 5ee99ac
[0m
[0;32mI (30314) OTA: New Version Detected : OTA will be Performed !![0m
Humidity and Temperature : 72 26
Humidity and Temperature : 72 26
Humidity and Temperature : 72 26
Humidity and Temperature : 72 26
Humidity and Temperature : 71 26
Humidity and Temperature : 71 26
[0;32mI (43424) esp_image: segment 0: paddr=00110020 vaddr=3f400020 size=0a484h ( 42116) map[0m
[0;32mI (43444) esp_image: segment 1: paddr=0011a4ac vaddr=3ffb0000 size=02224h (  8740) [0m
[0;32mI (43444) esp_image: segment 2: paddr=0011c6d8 vaddr=40080000 size=03940h ( 14656) [0m
[0;32mI (43454) esp_image: segment 3: paddr=00120020 vaddr=400d0020 size=17d14h ( 97556) map[0m
[0;32mI (43484) esp_image: segment 4: paddr=00137d3c vaddr=40083940 size=08840h ( 34880) [0m
[0;32mI (43504) esp_image: segment 0: paddr=00110020 vaddr=3f400020 size=0a484h ( 42116) map[0m
[0;32mI (43524) esp_image: segment 1: paddr=0011a4ac vaddr=3ffb0000 size=02224h (  8740) [0m
[0;32mI (43524) esp_image: segment 2: paddr=0011c6d8 vaddr=40080000 size=03940h ( 14656) [0m
[0;32mI (43534) esp_image: segment 3: paddr=00120020 vaddr=400d0020 size=17d14h ( 97556) map[0m
[0;32mI (43564) esp_image: segment 4: paddr=00137d3c vaddr=40083940 size=08840h ( 34880) [0m
Restarting in 5 seconds
Humidity and Temperature : 71 26
Humidity and Temperature : 71 26
Humidity and Temperature : 71 26
I (48664) wifi:state: run -> init (0)
I (48664) wifi:pm stop, total sleep time: 9554876 us / 26851282 us

I (48664) wifi:<ba-del>idx:0, tid:0
I (48664) wifi:<ba-del>idx:1, tid:7
I (48664) wifi:new:<6,0>, old:<6,0>, ap:<255,255>, sta:<6,0>, prof:1
E (48674) wifi:NAN WiFi stop
I (48744) wifi:flush txq
I (48744) wifi:stop sw txq
I (48744) wifi:lmac stop hw txq
I (48744) wifi:Deinit lldesc rx mblock:10
ets Jul 29 2019 12:21:46

rst:0xc (SW_CPU_RESET),boot:0x13 (SPI_FAST_FLASH_BOOT)
configsip: 0, SPIWP:0xee
clk_drv:0x00,q_drv:0x00,d_drv:0x00,cs0_drv:0x00,hd_drv:0x00,wp_drv:0x00
mode:DIO, clock div:2
load:0x3fff0030,len:7084
ho 0 tail 12 room 4
load:0x40078000,len:15584
load:0x40080400,len:4
load:0x40080404,len:3876
entry 0x4008064c
[0;32mI (31) boot: ESP-IDF -128-NOTFOUND 2nd stage bootloader[0m
[0;32mI (31) boot: compile time Aug 27 2023 01:54:34[0m
[0;32mI (31) boot: Multicore bootloader[0m
[0;32mI (36) boot: chip revision: v3.0[0m
[0;32mI (40) boot.esp32: SPI Speed      : 40MHz[0m
[0;32mI (44) boot.esp32: SPI Mode       : DIO[0m
[0;32mI (49) boot.esp32: SPI Flash Size : 4MB[0m
[0;32mI (53) boot: Enabling RNG early entropy source...[0m
[0;32mI (59) boot: Partition Table:[0m
[0;32mI (62) boot: ## Label            Usage          Type ST Offset   Length[0m
[0;32mI (70) boot:  0 nvs              WiFi data        01 02 00009000 00004000[0m
[0;32mI (77) boot:  1 otadata          OTA data         01 00 0000d000 00002000[0m
[0;32mI (85) boot:  2 phy_init         RF data          01 01 0000f000 00001000[0m
[0;32mI (92) boot:  3 factory          factory app      00 00 00010000 00100000[0m
[0;32mI (100) boot:  4 ota_0            OTA app          00 10 00110000 00100000[0m
[0;32mI (107) boot:  5 ota_1            OTA app          00 11 00210000 00100000[0m
[0;32mI (115) boot: End of partition table[0m
[0;32mI (119) esp_image: segment 0: paddr=00110020 vaddr=3f400020 size=0a484h ( 42116) map[0m
[0;32mI (143) esp_image: segment 1: paddr=0011a4ac vaddr=3ffb0000 size=02224h (  8740) load[0m
[0;32mI (147) esp_image: segment 2: paddr=0011c6d8 vaddr=40080000 size=03940h ( 14656) load[0m
[0;32mI (155) esp_image: segment 3: paddr=00120020 vaddr=400d0020 size=17d14h ( 97556) map[0m
[0;32mI (192) esp_image: segment 4: paddr=00137d3c vaddr=40083940 size=08840h ( 34880) load[0m
[0;32mI (213) boot: Loaded app from partition at offset 0x110000[0m
[0;32mI (213) boot: Disabling RNG early entropy source...[0m
[0;32mI (225) cpu_start: Multicore app[0m
V (225) mmap: after coalescing, 3 regions are left[0m
[0;32mI (225) cpu_start: Pro cpu up.[0m
[0;32mI (226) cpu_start: Starting app cpu, entry point is 0x40081164[0m
[0;32mI (217) cpu_start: App cpu up.[0m
D (241) clk: RTC_SLOW_CLK calibration value: 3523187[0m
[0;32mI (253) cpu_start: Pro cpu start user code[0m
[0;32mI (253) cpu_start: cpu freq: 160000000 Hz[0m
[0;32mI (253) cpu_start: Application information:[0m
[0;32mI (258) cpu_start: Project name:     Firstesp[0m
[0;32mI (263) cpu_start: App version:      5ee99ac[0m
[0;32mI (268) cpu_start: Compile time:     Aug 25 2023 16:05:34[0m
[0;32mI (274) cpu_start: ELF file SHA256:  29474c68a088e9ea...[0m
[0;32mI (280) cpu_start: ESP-IDF:          -128-NOTFOUND[0m
[0;32mI (285) cpu_start: Min chip rev:     v0.0[0m
[0;32mI (290) cpu_start: Max chip rev:     v3.99 [0m
[0;32mI (295) cpu_start: Chip rev:         v3.0[0m
V (300) memory_layout: reserved range is 0x3f40a44c - 0x3f40a494[0m
D (306) memory_layout: Checking 9 reserved memory ranges:[0m
D (311) memory_layout: Reserved memory range 0x3ff82000 - 0x3ff82000[0m
D (318) memory_layout: Reserved memory range 0x3ffae000 - 0x3ffae6e0[0m
D (324) memory_layout: Reserved memory range 0x3ffb0000 - 0x3ffb2aa8[0m
D (331) memory_layout: Reserved memory range 0x3ffe0000 - 0x3ffe0440[0m
D (337) memory_layout: Reserved memory range 0x3ffe3f20 - 0x3ffe4350[0m
D (343) memory_layout: Reserved memory range 0x40070000 - 0x40078000[0m
D (350) memory_layout: Reserved memory range 0x40078000 - 0x40080000[0m
D (356) memory_layout: Reserved memory range 0x40080000 - 0x4008c180[0m
D (363) memory_layout: Reserved memory range 0x50001fe8 - 0x50002000[0m
D (369) memory_layout: Building list of available memory regions:[0m
V (375) memory_layout: Examining memory region 0x3ffae000 - 0x3ffb0000[0m
V (382) memory_layout: Start of region 0x3ffae000 - 0x3ffb0000 overlaps reserved 0x3ffae000 - 0x3ffae6e0[0m
D (391) memory_layout: Available memory region 0x3ffae6e0 - 0x3ffb0000[0m
V (398) memory_layout: Examining memory region 0x3ffb0000 - 0x3ffb8000[0m
V (405) memory_layout: Start of region 0x3ffb0000 - 0x3ffb8000 overlaps reserved 0x3ffb0000 - 0x3ffb2aa8[0m
D (414) memory_layout: Available memory region 0x3ffb2aa8 - 0x3ffb8000[0m
V (421) memory_layout: Examining memory region 0x3ffb8000 - 0x3ffc0000[0m
D (427) memory_layout: Available memory region 0x3ffb8000 - 0x3ffc0000[0m
V (434) memory_layout: Examining memory region 0x3ffc0000 - 0x3ffc2000[0m
D (441) memory_layout: Available memory region 0x3ffc0000 - 0x3ffc2000[0m
V (447) memory_layout: Examining memory region 0x3ffc2000 - 0x3ffc4000[0m
D (454) memory_layout: Available memory region 0x3ffc2000 - 0x3ffc4000[0m
V (460) memory_layout: Examining memory region 0x3ffc4000 - 0x3ffc6000[0m
D (467) memory_layout: Available memory region 0x3ffc4000 - 0x3ffc6000[0m
V (474) memory_layout: Examining memory region 0x3ffc6000 - 0x3ffc8000[0m
D (480) memory_layout: Available memory region 0x3ffc6000 - 0x3ffc8000[0m
V (487) memory_layout: Examining memory region 0x3ffc8000 - 0x3ffca000[0m
D (493) memory_layout: Available memory region 0x3ffc8000 - 0x3ffca000[0m
V (500) memory_layout: Examining memory region 0x3ffca000 - 0x3ffcc000[0m
D (507) memory_layout: Available memory region 0x3ffca000 - 0x3ffcc000[0m
V (513) memory_layout: Examining memory region 0x3ffcc000 - 0x3ffce000[0m
D (520) memory_layout: Available memory region 0x3ffcc000 - 0x3ffce000[0m
V (526) memory_layout: Examining memory region 0x3ffce000 - 0x3ffd0000[0m
D (533) memory_layout: Available memory region 0x3ffce000 - 0x3ffd0000[0m
V (539) memory_layout: Examining memory region 0x3ffd0000 - 0x3ffd2000[0m
D (546) memory_layout: Available memory region 0x3ffd0000 - 0x3ffd2000[0m
V (553) memory_layout: Examining memory region 0x3ffd2000 - 0x3ffd4000[0m
D (559) memory_layout: Available memory region 0x3ffd2000 - 0x3ffd4000[0m
V (566) memory_layout: Examining memory region 0x3ffd4000 - 0x3ffd6000[0m
D (572) memory_layout: Available memory region 0x3ffd4000 - 0x3ffd6000[0m
V (579) memory_layout: Examining memory region 0x3ffd6000 - 0x3ffd8000[0m
D (586) memory_layout: Available memory region 0x3ffd6000 - 0x3ffd8000[0m
V (592) memory_layout: Examining memory region 0x3ffd8000 - 0x3ffda000[0m
D (599) memory_layout: Available memory region 0x3ffd8000 - 0x3ffda000[0m
V (605) memory_layout: Examining memory region 0x3ffda000 - 0x3ffdc000[0m
D (612) memory_layout: Available memory region 0x3ffda000 - 0x3ffdc000[0m
V (619) memory_layout: Examining memory region 0x3ffdc000 - 0x3ffde000[0m
D (625) memory_layout: Available memory region 0x3ffdc000 - 0x3ffde000[0m
V (632) memory_layout: Examining memory region 0x3ffde000 - 0x3ffe0000[0m
D (638) memory_layout: Available memory region 0x3ffde000 - 0x3ffe0000[0m
V (645) memory_layout: Examining memory region 0x3ffe0000 - 0x3ffe4000[0m
V (652) memory_layout: Start of region 0x3ffe0000 - 0x3ffe4000 overlaps reserved 0x3ffe0000 - 0x3ffe0440[0m
V (661) memory_layout: End of region 0x3ffe0440 - 0x3ffe4000 overlaps reserved 0x3ffe3f20 - 0x3ffe4350[0m
D (671) memory_layout: Available memory region 0x3ffe0440 - 0x3ffe3f20[0m
V (677) memory_layout: Examining memory region 0x3ffe4000 - 0x3ffe8000[0m
V (684) memory_layout: Start of region 0x3ffe4000 - 0x3ffe8000 overlaps reserved 0x3ffe3f20 - 0x3ffe4350[0m
D (693) memory_layout: Available memory region 0x3ffe4350 - 0x3ffe8000[0m
V (700) memory_layout: Examining memory region 0x3ffe8000 - 0x3fff0000[0m
D (707) memory_layout: Available memory region 0x3ffe8000 - 0x3fff0000[0m
V (713) memory_layout: Examining memory region 0x3fff0000 - 0x3fff8000[0m
D (720) memory_layout: Available memory region 0x3fff0000 - 0x3fff8000[0m
V (726) memory_layout: Examining memory region 0x3fff8000 - 0x3fffc000[0m
D (733) memory_layout: Available memory region 0x3fff8000 - 0x3fffc000[0m
V (739) memory_layout: Examining memory region 0x3fffc000 - 0x40000000[0m
D (746) memory_layout: Available memory region 0x3fffc000 - 0x40000000[0m
V (753) memory_layout: Examining memory region 0x40070000 - 0x40078000[0m
V (759) memory_layout: Region 0x40070000 - 0x40078000 inside of reserved 0x40070000 - 0x40078000[0m
V (768) memory_layout: Examining memory region 0x40078000 - 0x40080000[0m
V (775) memory_layout: Region 0x40078000 - 0x40080000 inside of reserved 0x40078000 - 0x40080000[0m
V (784) memory_layout: Examining memory region 0x40080000 - 0x40082000[0m
V (790) memory_layout: Region 0x40080000 - 0x40082000 inside of reserved 0x40080000 - 0x4008c180[0m
V (799) memory_layout: Examining memory region 0x40082000 - 0x40084000[0m
V (806) memory_layout: Region 0x40082000 - 0x40084000 inside of reserved 0x40080000 - 0x4008c180[0m
V (814) memory_layout: Examining memory region 0x40084000 - 0x40086000[0m
V (821) memory_layout: Region 0x40084000 - 0x40086000 inside of reserved 0x40080000 - 0x4008c180[0m
V (830) memory_layout: Examining memory region 0x40086000 - 0x40088000[0m
V (837) memory_layout: Region 0x40086000 - 0x40088000 inside of reserved 0x40080000 - 0x4008c180[0m
V (845) memory_layout: Examining memory region 0x40088000 - 0x4008a000[0m
V (852) memory_layout: Region 0x40088000 - 0x4008a000 inside of reserved 0x40080000 - 0x4008c180[0m
V (861) memory_layout: Examining memory region 0x4008a000 - 0x4008c000[0m
V (867) memory_layout: Region 0x4008a000 - 0x4008c000 inside of reserved 0x40080000 - 0x4008c180[0m
V (876) memory_layout: Examining memory region 0x4008c000 - 0x4008e000[0m
V (883) memory_layout: Start of region 0x4008c000 - 0x4008e000 overlaps reserved 0x40080000 - 0x4008c180[0m
D (892) memory_layout: Available memory region 0x4008c180 - 0x4008e000[0m
V (899) memory_layout: Examining memory region 0x4008e000 - 0x40090000[0m
D (906) memory_layout: Available memory region 0x4008e000 - 0x40090000[0m
V (912) memory_layout: Examining memory region 0x40090000 - 0x40092000[0m
D (919) memory_layout: Available memory region 0x40090000 - 0x40092000[0m
V (925) memory_layout: Examining memory region 0x40092000 - 0x40094000[0m
D (932) memory_layout: Available memory region 0x40092000 - 0x40094000[0m
V (939) memory_layout: Examining memory region 0x40094000 - 0x40096000[0m
D (945) memory_layout: Available memory region 0x40094000 - 0x40096000[0m
V (952) memory_layout: Examining memory region 0x40096000 - 0x40098000[0m
D (958) memory_layout: Available memory region 0x40096000 - 0x40098000[0m
V (965) memory_layout: Examining memory region 0x40098000 - 0x4009a000[0m
D (972) memory_layout: Available memory region 0x40098000 - 0x4009a000[0m
V (978) memory_layout: Examining memory region 0x4009a000 - 0x4009c000[0m
D (985) memory_layout: Available memory region 0x4009a000 - 0x4009c000[0m
V (991) memory_layout: Examining memory region 0x4009c000 - 0x4009e000[0m
D (998) memory_layout: Available memory region 0x4009c000 - 0x4009e000[0m
V (1005) memory_layout: Examining memory region 0x4009e000 - 0x400a0000[0m
D (1011) memory_layout: Available memory region 0x4009e000 - 0x400a0000[0m
[0;32mI (1018) heap_init: Initializing. RAM available for dynamic allocation:[0m
D (1025) heap_init: New heap initialised at 0x3ffae6e0[0m
[0;32mI (1030) heap_init: At 3FFAE6E0 len 00001920 (6 KiB): DRAM[0m
D (1037) heap_init: New heap initialised at 0x3ffb2aa8[0m
[0;32mI (1042) heap_init: At 3FFB2AA8 len 0002D558 (181 KiB): DRAM[0m
[0;32mI (1048) heap_init: At 3FFE0440 len 00003AE0 (14 KiB): D/IRAM[0m
[0;32mI (1055) heap_init: At 3FFE4350 len 0001BCB0 (111 KiB): D/IRAM[0m
D (1061) heap_init: New heap initialised at 0x4008c180[0m
[0;32mI (1066) heap_init: At 4008C180 len 00013E80 (79 KiB): IRAM[0m
V (1073) intr_alloc: esp_intr_alloc_intrstatus (cpu 0): checking args[0m
V (1079) intr_alloc: esp_intr_alloc_intrstatus (cpu 0): Args okay. Resulting flags 0x40E[0m
D (1088) intr_alloc: Connected src 46 to int 2 (cpu 0)[0m
V (1093) memspi: raw_chip_id: 16405E
[0m
V (1096) memspi: chip_id: 5E4016
[0m
V (1100) memspi: raw_chip_id: 16405E
[0m
V (1104) memspi: chip_id: 5E4016
[0m
D (1107) spi_flash: trying chip: issi[0m
D (1111) spi_flash: trying chip: gd[0m
D (1114) spi_flash: trying chip: mxic[0m
D (1118) spi_flash: trying chip: winbond[0m
D (1122) spi_flash: trying chip: generic[0m
[0;32mI (1126) spi_flash: detected chip: generic[0m
[0;32mI (1131) spi_flash: flash io: dio[0m
D (1135) cpu_start: calling init function: 0x400d8c10[0m
D (1140) cpu_start: calling init function: 0x400d8bd0[0m
D (1145) cpu_start: calling init function: 0x400d83a4[0m
D (1150) cpu_start: calling init function: 0x400d75f8[0m
D (1155) cpu_start: calling init function: 0x400d0ef4[0m
D (1161) cpu_start: calling init function: 0x400d3e80 on core: 0[0m
V (1167) intr_alloc: esp_intr_alloc_intrstatus (cpu 0): checking args[0m
V (1173) intr_alloc: esp_intr_alloc_intrstatus (cpu 0): Args okay. Resulting flags 0xC02[0m
D (1181) intr_alloc: Connected src 17 to int 3 (cpu 0)[0m
D (1186) cpu_start: calling init function: 0x400e6a8c on core: 0[0m
V (1193) intr_alloc: esp_intr_alloc_intrstatus (cpu 0): checking args[0m
V (1199) intr_alloc: esp_intr_alloc_intrstatus (cpu 0): Args okay. Resulting flags 0x40E[0m
D (1207) intr_alloc: Connected src 24 to int 9 (cpu 0)[0m
[0;32mI (1212) app_start: Starting scheduler on CPU0[0m
V (1218) intr_alloc: esp_intr_alloc_intrstatus (cpu 1): checking args[0m
V (1218) intr_alloc: esp_intr_alloc_intrstatus (cpu 1): Args okay. Resulting flags 0x40E[0m
[0D (1228) intr_alloc: Connected src 25 to int 2 (cpu 1)[0m
[0;32mI (1238) app_start: Starting scheduler on CPU1[0m
;32mI (1218) main_task: Started on CPU0[0m
D (1248) heap_init: New heap initialised at 0x3ffe0440[0m
D (1248) heap_init: New heap initialised at 0x3ffe4350[0m
V (1248) intr_alloc: esp_intr_alloc_intrstatus (cpu 0): checking args[0m
V (1258) intr_alloc: esp_intr_alloc_intrstatus (cpu 0): Args okay. Resulting flags 0xE[0m
D (1268) intr_alloc: Connected src 16 to int 12 (cpu 0)[0m
[0;32mI (1268) main_task: Calling app_main()[0m
HMM
